g++ (Ubuntu 13.3.0-6ubuntu2~24.04.1) 13.3.0
Copyright (C) 2023 Free Software Foundation, Inc.
This is free software; see the source for copying conditions.  There is NO
warranty; not even for MERCHANTABILITY or FITNESS FOR A PARTICULAR PURPOSE.

Linux BlueberryPC 5.15.167.4-microsoft-standard-WSL2 #1 SMP Tue Nov 5 00:21:55 UTC 2024 x86_64 x86_64 x86_64 GNU/Linux
flags=-std=gnu++20,-O2 seed=20260918
n=500000 alphabet=8 run=0 candidate=compressed ms=11.744 checksum=925295741
n=500000 alphabet=8 run=0 candidate=map ms=6.79276 checksum=925295741
n=500000 alphabet=8 run=1 candidate=compressed ms=12.6487 checksum=925295741
n=500000 alphabet=8 run=1 candidate=map ms=6.71907 checksum=925295741
n=500000 alphabet=8 run=2 candidate=compressed ms=13.6089 checksum=925295741
n=500000 alphabet=8 run=2 candidate=map ms=6.66584 checksum=925295741
n=500000 alphabet=8 run=3 candidate=compressed ms=12.4407 checksum=925295741
n=500000 alphabet=8 run=3 candidate=map ms=6.38926 checksum=925295741
n=500000 alphabet=8 run=4 candidate=compressed ms=11.5168 checksum=925295741
n=500000 alphabet=8 run=4 candidate=map ms=6.51728 checksum=925295741
n=500000 alphabet=500000 run=0 candidate=compressed ms=39.0461 checksum=202010981
n=500000 alphabet=500000 run=0 candidate=map ms=181.488 checksum=202010981
n=500000 alphabet=500000 run=1 candidate=compressed ms=48.1353 checksum=202010981
n=500000 alphabet=500000 run=1 candidate=map ms=180.311 checksum=202010981
n=500000 alphabet=500000 run=2 candidate=compressed ms=47.1784 checksum=202010981
n=500000 alphabet=500000 run=2 candidate=map ms=184.814 checksum=202010981
n=500000 alphabet=500000 run=3 candidate=compressed ms=45.9991 checksum=202010981
n=500000 alphabet=500000 run=3 candidate=map ms=190.877 checksum=202010981
n=500000 alphabet=500000 run=4 candidate=compressed ms=48.7459 checksum=202010981
n=500000 alphabet=500000 run=4 candidate=map ms=195.371 checksum=202010981
