gcc-release dst min 500000 500000 random PASS
gcc-release dst min 500000 500000 short PASS
gcc-release dst min 500000 100 random PASS
gcc-release dst sum 500000 500000 random PASS
gcc-release dst sum 500000 500000 short PASS
gcc-release dst sum 500000 100 random PASS
gcc-release dst affine 500000 500000 random PASS
gcc-release dst affine 500000 500000 short PASS
gcc-release dst affine 500000 100 random PASS
gcc-release dst matrix 500000 500000 random PASS
gcc-release dst matrix 500000 500000 short PASS
gcc-release dst matrix 500000 100 random PASS
gcc-release dst min 524289 500000 random PASS
gcc-release dst min 524289 500000 short PASS
gcc-release dst min 524289 100 random PASS
gcc-release dst sum 524289 500000 random PASS
gcc-release dst sum 524289 500000 short PASS
gcc-release dst sum 524289 100 random PASS
gcc-release dst affine 524289 500000 random PASS
gcc-release dst affine 524289 500000 short PASS
gcc-release dst affine 524289 100 random PASS
gcc-release dst matrix 524289 500000 random PASS
gcc-release dst matrix 524289 500000 short PASS
gcc-release dst matrix 524289 100 random PASS
clang-release dst min 500000 500000 random PASS
clang-release dst sum 500000 500000 random PASS
clang-release dst affine 500000 500000 random PASS
clang-release dst matrix 500000 500000 random PASS
clang-release dst min 524289 500000 random PASS
clang-release dst sum 524289 500000 random PASS
clang-release dst affine 524289 500000 random PASS
clang-release dst matrix 524289 500000 random PASS
gcc-assert dst min 500000 500000 random PASS
gcc-assert dst affine 500000 500000 random PASS
gcc-assert dst min 524289 500000 random PASS
gcc-assert dst affine 524289 500000 random PASS
PASS 432 samples including warmups
