gcc-release sqrt min 500000 500000 random PASS
gcc-release sqrt min 500000 500000 short PASS
gcc-release sqrt min 500000 100 random PASS
gcc-release sqrt sum 500000 500000 random PASS
gcc-release sqrt sum 500000 500000 short PASS
gcc-release sqrt sum 500000 100 random PASS
gcc-release sqrt affine 500000 500000 random PASS
gcc-release sqrt affine 500000 500000 short PASS
gcc-release sqrt affine 500000 100 random PASS
gcc-release sqrt matrix 500000 500000 random PASS
gcc-release sqrt matrix 500000 500000 short PASS
gcc-release sqrt matrix 500000 100 random PASS
gcc-release sqrt min 524289 500000 random PASS
gcc-release sqrt min 524289 500000 short PASS
gcc-release sqrt min 524289 100 random PASS
gcc-release sqrt sum 524289 500000 random PASS
gcc-release sqrt sum 524289 500000 short PASS
gcc-release sqrt sum 524289 100 random PASS
gcc-release sqrt affine 524289 500000 random PASS
gcc-release sqrt affine 524289 500000 short PASS
gcc-release sqrt affine 524289 100 random PASS
gcc-release sqrt matrix 524289 500000 random PASS
gcc-release sqrt matrix 524289 500000 short PASS
gcc-release sqrt matrix 524289 100 random PASS
clang-release sqrt min 500000 500000 random PASS
clang-release sqrt sum 500000 500000 random PASS
clang-release sqrt affine 500000 500000 random PASS
clang-release sqrt matrix 500000 500000 random PASS
clang-release sqrt min 524289 500000 random PASS
clang-release sqrt sum 524289 500000 random PASS
clang-release sqrt affine 524289 500000 random PASS
clang-release sqrt matrix 524289 500000 random PASS
gcc-assert sqrt min 500000 500000 random PASS
gcc-assert sqrt affine 500000 500000 random PASS
gcc-assert sqrt min 524289 500000 random PASS
gcc-assert sqrt affine 524289 500000 random PASS
PASS 432 samples including warmups
