gcc-release linear min 500000 500000 random PASS
gcc-release linear min 500000 500000 short PASS
gcc-release linear min 500000 500000 equal PASS
gcc-release linear min 500000 500000 ascending PASS
gcc-release linear min 500000 500000 descending PASS
gcc-release sqrt min 500000 500000 random PASS
gcc-release sqrt min 500000 500000 short PASS
gcc-release sqrt min 500000 100 random PASS
gcc-release sqrt sum 500000 500000 random PASS
gcc-release sqrt sum 500000 500000 short PASS
gcc-release sqrt sum 500000 100 random PASS
gcc-release sqrt affine 500000 500000 random PASS
gcc-release sqrt affine 500000 500000 short PASS
gcc-release sqrt affine 500000 100 random PASS
gcc-release sqrt matrix 500000 500000 random PASS
gcc-release sqrt matrix 500000 500000 short PASS
gcc-release sqrt matrix 500000 100 random PASS
gcc-release dst min 500000 500000 random PASS
gcc-release dst min 500000 500000 short PASS
gcc-release dst min 500000 100 random PASS
gcc-release dst sum 500000 500000 random PASS
gcc-release dst sum 500000 500000 short PASS
gcc-release dst sum 500000 100 random PASS
gcc-release dst affine 500000 500000 random PASS
gcc-release dst affine 500000 500000 short PASS
gcc-release dst affine 500000 100 random PASS
gcc-release dst matrix 500000 500000 random PASS
gcc-release dst matrix 500000 500000 short PASS
gcc-release dst matrix 500000 100 random PASS
gcc-release linear min 524289 500000 random PASS
gcc-release linear min 524289 500000 short PASS
gcc-release linear min 524289 500000 equal PASS
gcc-release linear min 524289 500000 ascending PASS
gcc-release linear min 524289 500000 descending PASS
gcc-release sqrt min 524289 500000 random PASS
gcc-release sqrt min 524289 500000 short PASS
gcc-release sqrt min 524289 100 random PASS
gcc-release sqrt sum 524289 500000 random PASS
gcc-release sqrt sum 524289 500000 short PASS
gcc-release sqrt sum 524289 100 random PASS
gcc-release sqrt affine 524289 500000 random PASS
gcc-release sqrt affine 524289 500000 short PASS
gcc-release sqrt affine 524289 100 random PASS
gcc-release sqrt matrix 524289 500000 random PASS
gcc-release sqrt matrix 524289 500000 short PASS
gcc-release sqrt matrix 524289 100 random PASS
gcc-release dst min 524289 500000 random PASS
gcc-release dst min 524289 500000 short PASS
gcc-release dst min 524289 100 random PASS
gcc-release dst sum 524289 500000 random PASS
gcc-release dst sum 524289 500000 short PASS
gcc-release dst sum 524289 100 random PASS
gcc-release dst affine 524289 500000 random PASS
gcc-release dst affine 524289 500000 short PASS
gcc-release dst affine 524289 100 random PASS
gcc-release dst matrix 524289 500000 random PASS
gcc-release dst matrix 524289 500000 short PASS
gcc-release dst matrix 524289 100 random PASS
clang-release linear min 500000 500000 random PASS
clang-release linear min 500000 500000 short PASS
clang-release linear min 500000 500000 equal PASS
clang-release linear min 500000 500000 ascending PASS
clang-release linear min 500000 500000 descending PASS
clang-release sqrt min 500000 500000 random PASS
clang-release sqrt sum 500000 500000 random PASS
clang-release sqrt affine 500000 500000 random PASS
clang-release sqrt matrix 500000 500000 random PASS
clang-release dst min 500000 500000 random PASS
clang-release dst sum 500000 500000 random PASS
clang-release dst affine 500000 500000 random PASS
clang-release dst matrix 500000 500000 random PASS
clang-release linear min 524289 500000 random PASS
clang-release linear min 524289 500000 short PASS
clang-release linear min 524289 500000 equal PASS
clang-release linear min 524289 500000 ascending PASS
clang-release linear min 524289 500000 descending PASS
clang-release sqrt min 524289 500000 random PASS
clang-release sqrt sum 524289 500000 random PASS
clang-release sqrt affine 524289 500000 random PASS
clang-release sqrt matrix 524289 500000 random PASS
clang-release dst min 524289 500000 random PASS
clang-release dst sum 524289 500000 random PASS
clang-release dst affine 524289 500000 random PASS
clang-release dst matrix 524289 500000 random PASS
gcc-assert linear min 500000 500000 random PASS
gcc-assert sqrt min 500000 500000 random PASS
gcc-assert sqrt affine 500000 500000 random PASS
gcc-assert dst min 500000 500000 random PASS
gcc-assert dst affine 500000 500000 random PASS
gcc-assert linear min 524289 500000 random PASS
gcc-assert sqrt min 524289 500000 random PASS
gcc-assert sqrt affine 524289 500000 random PASS
gcc-assert dst min 524289 500000 random PASS
gcc-assert dst affine 524289 500000 random PASS
PASS 1128 samples including warmups
