Thu Sep 17 22:55:03 UTC 2026
Linux BlueberryPC 5.15.167.4-microsoft-standard-WSL2 #1 SMP Tue Nov 5 00:21:55 UTC 2024 x86_64 x86_64 x86_64 GNU/Linux
g++ (Ubuntu 13.3.0-6ubuntu2~24.04.1) 13.3.0
Copyright (C) 2023 Free Software Foundation, Inc.
This is free software; see the source for copying conditions.  There is NO
warranty; not even for MERCHANTABILITY or FITNESS FOR A PARTICULAR PURPOSE.

Architecture:                         x86_64
CPU op-mode(s):                       32-bit, 64-bit
Address sizes:                        39 bits physical, 48 bits virtual
Byte Order:                           Little Endian
CPU(s):                               24
On-line CPU(s) list:                  0-23
Vendor ID:                            GenuineIntel
Model name:                           Intel(R) Core(TM) i7-14650HX
CPU family:                           6
Model:                                183
Thread(s) per core:                   2
Core(s) per socket:                   12
Socket(s):                            1
Stepping:                             1
BogoMIPS:                             4838.40
Flags:                                fpu vme de pse tsc msr pae mce cx8 apic sep mtrr pge mca cmov pat pse36 clflush mmx fxsr sse sse2 ss ht syscall nx pdpe1gb rdtscp lm constant_tsc rep_good nopl xtopology tsc_reliable nonstop_tsc cpuid pni pclmulqdq vmx ssse3 fma cx16 pcid sse4_1 sse4_2 x2apic movbe popcnt tsc_deadline_timer aes xsave avx f16c rdrand hypervisor lahf_lm abm 3dnowprefetch invpcid_single ssbd ibrs ibpb stibp ibrs_enhanced tpr_shadow vnmi ept vpid ept_ad fsgsbase tsc_adjust bmi1 avx2 smep bmi2 erms invpcid rdseed adx smap clflushopt clwb sha_ni xsaveopt xsavec xgetbv1 xsaves avx_vnni umip waitpkg gfni vaes vpclmulqdq rdpid movdiri movdir64b fsrm md_clear serialize flush_l1d arch_capabilities
Virtualization:                       VT-x
Hypervisor vendor:                    Microsoft
Virtualization type:                  full
L1d cache:                            576 KiB (12 instances)
L1i cache:                            384 KiB (12 instances)
L2 cache:                             24 MiB (12 instances)
L3 cache:                             30 MiB (1 instance)
Vulnerability Gather data sampling:   Not affected
Vulnerability Itlb multihit:          Not affected
Vulnerability L1tf:                   Not affected
Vulnerability Mds:                    Not affected
Vulnerability Meltdown:               Not affected
Vulnerability Mmio stale data:        Not affected
Vulnerability Reg file data sampling: Mitigation; Clear Register File
Vulnerability Retbleed:               Mitigation; Enhanced IBRS
Vulnerability Spec rstack overflow:   Not affected
Vulnerability Spec store bypass:      Mitigation; Speculative Store Bypass disabled via prctl and seccomp
Vulnerability Spectre v1:             Mitigation; usercopy/swapgs barriers and __user pointer sanitization
Vulnerability Spectre v2:             Mitigation; Enhanced / Automatic IBRS; IBPB conditional; RSB filling; PBRSB-eIBRS SW sequence; BHI BHI_DIS_S
Vulnerability Srbds:                  Not affected
Vulnerability Tsx async abort:        Not affected
flags=-std=gnu++20 -O2 -Wall -Wextra seed=20260918
root/bounded_binary runs_ms=1.08691,1.06511,1.06048,1.03977,1.06814, median_ms=1.06511 min_ms=1.03977 checksum=4449792859645
root/32_bit_trials runs_ms=7.73537,7.4132,7.2846,7.07138,6.94554, median_ms=7.2846 min_ms=6.94554 checksum=4449792859645
quotients/sqrt_split runs_ms=1.65299,1.52684,1.40877,1.34969,1.42785, median_ms=1.42785 min_ms=1.34969 checksum=50000999995
quotients/interval_jump runs_ms=2.37593,2.34167,2.53606,2.39745,2.39454, median_ms=2.39454 min_ms=2.34167 checksum=50000999995
divisor/prime_sieve runs_ms=13.8637,13.6348,11.2142,8.94521,8.65499, median_ms=11.2142 min_ms=8.65499 checksum=3400842560
divisor/harmonic runs_ms=22.657,22.1329,22.3975,22.0042,22.3609, median_ms=22.3609 min_ms=22.0042 checksum=3400842560
log/hash runs_ms=15.7131,16.3647,16.4406,16.4219,16.384, median_ms=16.384 min_ms=15.7131 checksum=10199502290
log/ordered_map runs_ms=64.1633,59.316,66.5218,64.3976,62.9385, median_ms=64.1633 min_ms=59.316 checksum=10199502290
