Linux BlueberryPC 5.15.167.4-microsoft-standard-WSL2 #1 SMP Tue Nov 5 00:21:55 UTC 2024 x86_64 x86_64 x86_64 GNU/Linux
Architecture:                         x86_64
CPU op-mode(s):                       32-bit, 64-bit
Address sizes:                        39 bits physical, 48 bits virtual
Byte Order:                           Little Endian
CPU(s):                               24
On-line CPU(s) list:                  0-23
Vendor ID:                            GenuineIntel
Model name:                           Intel(R) Core(TM) i7-14650HX
CPU family:                           6
Model:                                183
Thread(s) per core:                   2
Core(s) per socket:                   12
Socket(s):                            1
Stepping:                             1
BogoMIPS:                             4838.40
Flags:                                fpu vme de pse tsc msr pae mce cx8 apic sep mtrr pge mca cmov pat pse36 clflush mmx fxsr sse sse2 ss ht syscall nx pdpe1gb rdtscp lm constant_tsc rep_good nopl xtopology tsc_reliable nonstop_tsc cpuid pni pclmulqdq vmx ssse3 fma cx16 pcid sse4_1 sse4_2 x2apic movbe popcnt tsc_deadline_timer aes xsave avx f16c rdrand hypervisor lahf_lm abm 3dnowprefetch invpcid_single ssbd ibrs ibpb stibp ibrs_enhanced tpr_shadow vnmi ept vpid ept_ad fsgsbase tsc_adjust bmi1 avx2 smep bmi2 erms invpcid rdseed adx smap clflushopt clwb sha_ni xsaveopt xsavec xgetbv1 xsaves avx_vnni umip waitpkg gfni vaes vpclmulqdq rdpid movdiri movdir64b fsrm md_clear serialize flush_l1d arch_capabilities
Virtualization:                       VT-x
Hypervisor vendor:                    Microsoft
g++ (Ubuntu 13.3.0-6ubuntu2~24.04.1) 13.3.0
flags=-std=gnu++20,-O2,seed=20260918,N=1000,Q=1000,substring_N=4000,repeats=3
inversions-mo run=0 ms=0.384989 checksum=36982501
inversions-mo run=1 ms=0.347946 checksum=36982501
inversions-mo run=2 ms=0.32126 checksum=36982501
inversions-direct run=0 ms=23.7827 checksum=36982501
inversions-direct run=1 ms=24.5995 checksum=36982501
inversions-direct run=2 ms=24.4024 checksum=36982501
mode-mo run=0 ms=0.31433 checksum=7999
mode-mo run=1 ms=0.290318 checksum=7999
mode-mo run=2 ms=0.292338 checksum=7999
mode-direct run=0 ms=0.150229 checksum=7999
mode-direct run=1 ms=0.152329 checksum=7999
mode-direct run=2 ms=0.152323 checksum=7999
substring-acl run=0 ms=0.507594 checksum=11
substring-acl run=1 ms=0.436319 checksum=11
substring-acl run=2 ms=0.435698 checksum=11
substring-dp run=0 ms=22.2104 checksum=11
substring-dp run=1 ms=21.9746 checksum=11
substring-dp run=2 ms=21.6775 checksum=11
