PASSED all.hpp include g++-gnu++20-assert count=1
PASSED all.hpp include g++-gnu++20-assert count=2
PASSED combined compile g++-gnu++20-assert
PASSED combined execute g++-gnu++20-assert
PASSED all.hpp include g++-gnu++20-release count=1
PASSED all.hpp include g++-gnu++20-release count=2
PASSED combined compile g++-gnu++20-release
PASSED combined execute g++-gnu++20-release
PASSED all.hpp include g++-gnu++23-assert count=1
PASSED all.hpp include g++-gnu++23-assert count=2
PASSED combined compile g++-gnu++23-assert
PASSED combined execute g++-gnu++23-assert
PASSED all.hpp include g++-gnu++23-release count=1
PASSED all.hpp include g++-gnu++23-release count=2
PASSED combined compile g++-gnu++23-release
PASSED combined execute g++-gnu++23-release
PASSED all.hpp include clang++-gnu++20-assert count=1
PASSED all.hpp include clang++-gnu++20-assert count=2
PASSED combined compile clang++-gnu++20-assert
PASSED combined execute clang++-gnu++20-assert
PASSED all.hpp include clang++-gnu++20-release count=1
PASSED all.hpp include clang++-gnu++20-release count=2
PASSED combined compile clang++-gnu++20-release
PASSED combined execute clang++-gnu++20-release
PASSED all.hpp include clang++-gnu++23-assert count=1
PASSED all.hpp include clang++-gnu++23-assert count=2
PASSED combined compile clang++-gnu++23-assert
PASSED combined execute clang++-gnu++23-assert
PASSED all.hpp include clang++-gnu++23-release count=1
PASSED all.hpp include clang++-gnu++23-release count=2
PASSED combined compile clang++-gnu++23-release
PASSED combined execute clang++-gnu++23-release
PASSED random compile dominator-tree
PASSED random dominator-tree seed=1
PASSED random dominator-tree seed=2
PASSED random dominator-tree seed=3
PASSED random dominator-tree seed=4
PASSED random dominator-tree seed=5
PASSED random dominator-tree seed=6
PASSED random dominator-tree seed=7
PASSED random dominator-tree seed=8
PASSED random dominator-tree seed=9
PASSED random dominator-tree seed=10
PASSED random dominator-tree seed=11
PASSED random dominator-tree seed=12
PASSED random dominator-tree seed=13
PASSED random dominator-tree seed=14
PASSED random dominator-tree seed=15
PASSED random dominator-tree seed=16
PASSED random dominator-tree seed=17
PASSED random dominator-tree seed=18
PASSED random dominator-tree seed=19
PASSED random dominator-tree seed=20
PASSED random compile general-matching
PASSED random general-matching seed=1
PASSED random general-matching seed=2
PASSED random general-matching seed=3
PASSED random general-matching seed=4
PASSED random general-matching seed=5
PASSED random general-matching seed=6
PASSED random general-matching seed=7
PASSED random general-matching seed=8
PASSED random general-matching seed=9
PASSED random general-matching seed=10
PASSED random general-matching seed=11
PASSED random general-matching seed=12
PASSED random general-matching seed=13
PASSED random general-matching seed=14
PASSED random general-matching seed=15
PASSED random general-matching seed=16
PASSED random general-matching seed=17
PASSED random general-matching seed=18
PASSED random general-matching seed=19
PASSED random general-matching seed=20
PASSED random compile convex-hull
PASSED random convex-hull seed=1
PASSED random convex-hull seed=2
PASSED random convex-hull seed=3
PASSED random convex-hull seed=4
PASSED random convex-hull seed=5
PASSED random convex-hull seed=6
PASSED random convex-hull seed=7
PASSED random convex-hull seed=8
PASSED random convex-hull seed=9
PASSED random convex-hull seed=10
PASSED random convex-hull seed=11
PASSED random convex-hull seed=12
PASSED random convex-hull seed=13
PASSED random convex-hull seed=14
PASSED random convex-hull seed=15
PASSED random convex-hull seed=16
PASSED random convex-hull seed=17
PASSED random convex-hull seed=18
PASSED random convex-hull seed=19
PASSED random convex-hull seed=20
PASSED random compile static-top-tree
PASSED random static-top-tree seed=1
PASSED random static-top-tree seed=2
PASSED random static-top-tree seed=3
PASSED random static-top-tree seed=4
PASSED random static-top-tree seed=5
PASSED random static-top-tree seed=6
PASSED random static-top-tree seed=7
PASSED random static-top-tree seed=8
PASSED random static-top-tree seed=9
PASSED random static-top-tree seed=10
PASSED random static-top-tree seed=11
PASSED random static-top-tree seed=12
PASSED random static-top-tree seed=13
PASSED random static-top-tree seed=14
PASSED random static-top-tree seed=15
PASSED random static-top-tree seed=16
PASSED random static-top-tree seed=17
PASSED random static-top-tree seed=18
PASSED random static-top-tree seed=19
PASSED random static-top-tree seed=20
PASSED random compile dynamic-fenwick-get
PASSED random dynamic-fenwick-get seed=1
PASSED random dynamic-fenwick-get seed=2
PASSED random dynamic-fenwick-get seed=3
PASSED random dynamic-fenwick-get seed=4
PASSED random dynamic-fenwick-get seed=5
PASSED random dynamic-fenwick-get seed=6
PASSED random dynamic-fenwick-get seed=7
PASSED random dynamic-fenwick-get seed=8
PASSED random dynamic-fenwick-get seed=9
PASSED random dynamic-fenwick-get seed=10
PASSED random dynamic-fenwick-get seed=11
PASSED random dynamic-fenwick-get seed=12
PASSED random dynamic-fenwick-get seed=13
PASSED random dynamic-fenwick-get seed=14
PASSED random dynamic-fenwick-get seed=15
PASSED random dynamic-fenwick-get seed=16
PASSED random dynamic-fenwick-get seed=17
PASSED random dynamic-fenwick-get seed=18
PASSED random dynamic-fenwick-get seed=19
PASSED random dynamic-fenwick-get seed=20
PASSED random compile persistent-segment-get
PASSED random persistent-segment-get seed=1
PASSED random persistent-segment-get seed=2
PASSED random persistent-segment-get seed=3
PASSED random persistent-segment-get seed=4
PASSED random persistent-segment-get seed=5
PASSED random persistent-segment-get seed=6
PASSED random persistent-segment-get seed=7
PASSED random persistent-segment-get seed=8
PASSED random persistent-segment-get seed=9
PASSED random persistent-segment-get seed=10
PASSED random persistent-segment-get seed=11
PASSED random persistent-segment-get seed=12
PASSED random persistent-segment-get seed=13
PASSED random persistent-segment-get seed=14
PASSED random persistent-segment-get seed=15
PASSED random persistent-segment-get seed=16
PASSED random persistent-segment-get seed=17
PASSED random persistent-segment-get seed=18
PASSED random persistent-segment-get seed=19
PASSED random persistent-segment-get seed=20
PASSED random compile furthest-pair
PASSED random furthest-pair seed=1
PASSED random furthest-pair seed=2
PASSED random furthest-pair seed=3
PASSED random furthest-pair seed=4
PASSED random furthest-pair seed=5
PASSED random furthest-pair seed=6
PASSED random furthest-pair seed=7
PASSED random furthest-pair seed=8
PASSED random furthest-pair seed=9
PASSED random furthest-pair seed=10
PASSED random furthest-pair seed=11
PASSED random furthest-pair seed=12
PASSED random furthest-pair seed=13
PASSED random furthest-pair seed=14
PASSED random furthest-pair seed=15
PASSED random furthest-pair seed=16
PASSED random furthest-pair seed=17
PASSED random furthest-pair seed=18
PASSED random furthest-pair seed=19
PASSED random furthest-pair seed=20
PASSED sanitizer compile combined
PASSED sanitizer execute combined seed=20261003
PASSED sanitizer compile dynamic-fenwick-get
PASSED sanitizer execute dynamic-fenwick-get seed=20261003
PASSED sanitizer compile persistent-segment-get
PASSED sanitizer execute persistent-segment-get seed=20261003
PASS integration185: /workspace/Blueberry-library/.verification/consolidated-library-2026-10-03/focused/report.json
