python3 -m unittest discover -s tests -v
test_checksum_validation (test_benchmark_runner.BenchmarkRunnerTests.test_checksum_validation) ... ok
test_manifest_is_valid (test_benchmark_runner.BenchmarkRunnerTests.test_manifest_is_valid) ... ok
test_median_absolute_deviation (test_benchmark_runner.BenchmarkRunnerTests.test_median_absolute_deviation) ... ok
test_output_requires_one_json_line_and_checksum (test_benchmark_runner.BenchmarkRunnerTests.test_output_requires_one_json_line_and_checksum) ... ok
test_static_rmq_implementations_agree (test_benchmark_runner.BenchmarkRunnerTests.test_static_rmq_implementations_agree) ... ok
test_additional_complete_example_selected_but_fragment_skipped (test_check_docs_selection.CheckDocsSelectionTest.test_additional_complete_example_selected_but_fragment_skipped) ... ok
test_additional_example_runtime_failure_propagates (test_check_docs_selection.CheckDocsSelectionTest.test_additional_example_runtime_failure_propagates) ... ok
test_default_compiles_every_example_once (test_check_docs_selection.CheckDocsSelectionTest.test_default_compiles_every_example_once) ... ok
test_empty_selection_never_launches_compiler (test_check_docs_selection.CheckDocsSelectionTest.test_empty_selection_never_launches_compiler) ... ok
test_library_selection_excludes_other_pages (test_check_docs_selection.CheckDocsSelectionTest.test_library_selection_excludes_other_pages) ... ok
test_migration_selection_keeps_all_three_examples (test_check_docs_selection.CheckDocsSelectionTest.test_migration_selection_keeps_all_three_examples) ... ok
test_only_selected_valid_cpp_runs_with_real_compiler (test_check_docs_selection.CheckDocsSelectionTest.test_only_selected_valid_cpp_runs_with_real_compiler) ... ok
test_selected_invalid_cpp_rejected_by_real_compiler (test_check_docs_selection.CheckDocsSelectionTest.test_selected_invalid_cpp_rejected_by_real_compiler) ... In file included from /usr/include/c++/14/cassert:44,
                 from <stdin>:1:
<stdin>: In function ‘int main()’:
<stdin>:2:21: error: ‘undeclared_identifier’ was not declared in this scope
ok
test_selection_schema_is_strict (test_check_docs_selection.CheckDocsSelectionTest.test_selection_schema_is_strict) ... ok
test_structure_only_never_launches_compiler (test_check_docs_selection.CheckDocsSelectionTest.test_structure_only_never_launches_compiler) ... ok
test_structure_outside_selection_still_fails (test_check_docs_selection.CheckDocsSelectionTest.test_structure_outside_selection_still_fails) ... ok
test_summary_template_brackets_must_be_html_escaped (test_check_docs_selection.CheckDocsSelectionTest.test_summary_template_brackets_must_be_html_escaped) ... ok
test_unknown_non_document_and_noncanonical_paths_fail (test_check_docs_selection.CheckDocsSelectionTest.test_unknown_non_document_and_noncanonical_paths_fail) ... ok
test_angle_local_includes_and_new_verifier (test_ci_plan.CiPlanTests.test_angle_local_includes_and_new_verifier) ... ok
test_baseline_api_failure_falls_back_to_full (test_ci_plan.CiPlanTests.test_baseline_api_failure_falls_back_to_full) ... ok
test_changed_test_runs_compile_but_not_unrelated_official_cases (test_ci_plan.CiPlanTests.test_changed_test_runs_compile_but_not_unrelated_official_cases) ... ok
test_cli_dispatch_three_repeats_and_empty_paths_file (test_ci_plan.CiPlanTests.test_cli_dispatch_three_repeats_and_empty_paths_file) ... ok
test_comments_continuations_and_cycles (test_ci_plan.CiPlanTests.test_comments_continuations_and_cycles) ... ok
test_deleted_dependency_consumer_preserved_from_base_graph (test_ci_plan.CiPlanTests.test_deleted_dependency_consumer_preserved_from_base_graph) ... ok
test_deleted_verifier_not_scheduled (test_ci_plan.CiPlanTests.test_deleted_verifier_not_scheduled) ... ok
test_documentation_ui_has_explicit_empty_selection (test_ci_plan.CiPlanTests.test_documentation_ui_has_explicit_empty_selection) ... ok
test_failed_prior_push_does_not_hide_unverified_changes (test_ci_plan.CiPlanTests.test_failed_prior_push_does_not_hide_unverified_changes) ... ok
test_library_docs_select_only_changed_examples (test_ci_plan.CiPlanTests.test_library_docs_select_only_changed_examples) ... ok
test_macro_or_missing_include_forces_full (test_ci_plan.CiPlanTests.test_macro_or_missing_include_forces_full) ... ok
test_manifest_tampering_rejected (test_ci_plan.CiPlanTests.test_manifest_tampering_rejected) ... ok
test_missing_base_full_and_explicit_full (test_ci_plan.CiPlanTests.test_missing_base_full_and_explicit_full) ... ok
test_pr_merge_base_and_push_before (test_ci_plan.CiPlanTests.test_pr_merge_base_and_push_before) ... ok
test_rename_uses_old_and_new_paths (test_ci_plan.CiPlanTests.test_rename_uses_old_and_new_paths) ... ok
test_transitive_relative_dependency_and_independent_target (test_ci_plan.CiPlanTests.test_transitive_relative_dependency_and_independent_target) ... ok
test_unknown_harness_and_workflow_force_full (test_ci_plan.CiPlanTests.test_unknown_harness_and_workflow_force_full) ... ok
test_untrusted_pr_and_nonancestor_workflow_cannot_supply_baseline (test_ci_plan.CiPlanTests.test_untrusted_pr_and_nonancestor_workflow_cannot_supply_baseline) ... ok
test_only_known_cpp_integrations_are_removed (test_ci_plan.UnitSelectionTests.test_only_known_cpp_integrations_are_removed) ... NOT SELECTED (no C++ changes): test_tree_random.T.test_run
NOT SELECTED (no C++ changes): test_data_structures.T.test_run
NOT SELECTED (no C++ changes): test_benchmark_runner.BenchmarkRunnerTests.test_static_rmq_implementations_agree
ok
test_both_cpp_jobs_use_same_pinned_acl (test_ci_plan.WorkflowGateTests.test_both_cpp_jobs_use_same_pinned_acl) ... ok
test_existing_required_jobs_fail_closed_on_planner_failure (test_ci_plan.WorkflowGateTests.test_existing_required_jobs_fail_closed_on_planner_failure) ... ok
test_range_comparison_covers_whole_workload_and_limits (test_comparisons.ComparisonsTest.test_range_comparison_covers_whole_workload_and_limits) ... ok
test_references_and_table_shapes (test_comparisons.ComparisonsTest.test_references_and_table_shapes) ... ok
test_randomized_against_naive_implementations (test_data_structures.DataStructureRandomTest.test_randomized_against_naive_implementations) ... ok
test_documentation_interactions (test_docs_ui.DocumentationUiTest.test_documentation_interactions) ... PASS: catalog filtering, source toggle/copy/anchors, nested anchors, clipboard success and fallback
ok
test_fetches_fastest_rows_and_profiles_source (test_fetch_lc_fastest.FetchFastestTest.test_fetches_fastest_rows_and_profiles_source) ... ok
test_report_uses_milliseconds (test_fetch_lc_fastest.FetchFastestTest.test_report_uses_milliseconds) ... ok
test_external_output_is_not_removed (test_generated_docs.GeneratedDocumentationTest.test_external_output_is_not_removed) ... ok
test_no_generated_directory_is_a_noop (test_generated_docs.GeneratedDocumentationTest.test_no_generated_directory_is_a_noop) ... ok
test_removed_sources_are_pruned_without_touching_other_pages (test_generated_docs.GeneratedDocumentationTest.test_removed_sources_are_pruned_without_touching_other_pages) ... ok
test_exact_catalog_code_and_random_oracles (test_generated_docs.MonoidSnippetTest.test_exact_catalog_code_and_random_oracles) ... ok
test_fresh_cache_is_used (test_lc_submissions.LibraryCheckerResearchTests.test_fresh_cache_is_used) ... ok
test_namespaced_nested_vector_is_detected (test_lc_submissions.LibraryCheckerResearchTests.test_namespaced_nested_vector_is_detected) ... ok
test_problem_ratios_and_markdown (test_lc_submissions.LibraryCheckerResearchTests.test_problem_ratios_and_markdown) ... ok
test_public_detail_omits_source (test_lc_submissions.LibraryCheckerResearchTests.test_public_detail_omits_source) ... ok
test_source_profile (test_lc_submissions.LibraryCheckerResearchTests.test_source_profile) ... ok
test_browser_filter_keeps_implementation_distinct_from_acl (test_library_checker_coverage.CoverageTests.test_browser_filter_keeps_implementation_distinct_from_acl) ... ok
test_chronological_driver_does_not_hide_retroactive_gap (test_library_checker_coverage.CoverageTests.test_chronological_driver_does_not_hide_retroactive_gap) ... ok
test_comment_does_not_create_a_driver (test_library_checker_coverage.CoverageTests.test_comment_does_not_create_a_driver) ... ok
test_cycles_and_stale_generated_outputs (test_library_checker_coverage.CoverageTests.test_cycles_and_stale_generated_outputs) ... ok
test_duplicate_or_invalid_problem_id_rejected (test_library_checker_coverage.CoverageTests.test_duplicate_or_invalid_problem_id_rejected) ... ok
test_ignored_driver_does_not_claim_coverage (test_library_checker_coverage.CoverageTests.test_ignored_driver_does_not_claim_coverage) ... ok
test_inventory_preserves_uncategorized_published_problem (test_library_checker_coverage.CoverageTests.test_inventory_preserves_uncategorized_published_problem) ... ok
test_library_evidence_accepts_other_judges_without_claiming_lc (test_library_checker_coverage.CoverageTests.test_library_evidence_accepts_other_judges_without_claiming_lc) ... ok
test_library_evidence_distinguishes_direct_indirect_and_ignored (test_library_checker_coverage.CoverageTests.test_library_evidence_distinguishes_direct_indirect_and_ignored) ... ok
test_library_evidence_smoke_does_not_cover_all_headers (test_library_checker_coverage.CoverageTests.test_library_evidence_smoke_does_not_cover_all_headers) ... ok
test_manual_api_and_acl_are_distinct (test_library_checker_coverage.CoverageTests.test_manual_api_and_acl_are_distinct) ... ok
test_multiple_drivers_and_transitive_dependencies (test_library_checker_coverage.CoverageTests.test_multiple_drivers_and_transitive_dependencies) ... ok
test_problem_implementations_exclude_automatic_utility_dependencies (test_library_checker_coverage.CoverageTests.test_problem_implementations_exclude_automatic_utility_dependencies) ... ok
test_reviewed_mapping_can_include_utility_implementation (test_library_checker_coverage.CoverageTests.test_reviewed_mapping_can_include_utility_implementation) ... ok
test_snapshot_and_markdown_have_every_problem_once (test_library_checker_coverage.CoverageTests.test_snapshot_and_markdown_have_every_problem_once) ... ok
test_umbrella_smoke_is_not_all_library_coverage (test_library_checker_coverage.CoverageTests.test_umbrella_smoke_is_not_all_library_coverage) ... ok
test_unknown_problem_and_missing_dependency_are_errors (test_library_checker_coverage.CoverageTests.test_unknown_problem_and_missing_dependency_are_errors) ... ok
test_utility_library_keeps_direct_verification_evidence (test_library_checker_coverage.CoverageTests.test_utility_library_keeps_direct_verification_evidence) ... ok
test_generic_monoid_query_does_not_recommend_idempotent_only_table (test_operations.OperationFinderTest.test_generic_monoid_query_does_not_recommend_idempotent_only_table) ... ok
test_metadata_references_real_documented_apis (test_operations.OperationFinderTest.test_metadata_references_real_documented_apis) ... ok
test_monoid_recipes_separate_update_contracts (test_operations.OperationFinderTest.test_monoid_recipes_separate_update_contracts) ... ok
test_progressive_enhancement_and_accessibility_markup (test_operations.OperationFinderTest.test_progressive_enhancement_and_accessibility_markup) ... ok
test_query_update_and_condition_are_all_required (test_operations.OperationFinderTest.test_query_update_and_condition_are_all_required) ... ok
test_reset_restores_results_and_focus_without_reload (test_operations.OperationFinderTest.test_reset_restores_results_and_focus_without_reload) ... ok
test_specialized_structures_match_only_supported_operations (test_operations.OperationFinderTest.test_specialized_structures_match_only_supported_operations) ... ok
test_target_changes_remove_irrelevant_options_and_clear_stale_choices (test_operations.OperationFinderTest.test_target_changes_remove_irrelevant_options_and_clear_stale_choices) ... ok
test_unknown_filter_never_silently_shows_unrelated_results (test_operations.OperationFinderTest.test_unknown_filter_never_silently_shows_unrelated_results) ... ok
test_workload_capabilities_and_target_separation (test_operations.OperationFinderTest.test_workload_capabilities_and_target_separation) ... ok
test_random_and_deep_tree (test_tree_random.TreeRandomTest.test_random_and_deep_tree) ... ok
test_comparisons_and_initial_run (test_verification_metrics.MetricsTests.test_comparisons_and_initial_run) ... ok
test_dataset_changes_invalidate_hash (test_verification_metrics.MetricsTests.test_dataset_changes_invalidate_hash) ... ok
test_discovery_ignores_generated_copies (test_verification_metrics.MetricsTests.test_discovery_ignores_generated_copies) ... ok
test_docs_only_plan_runs_cli_without_verification_dependencies (test_verification_metrics.MetricsTests.test_docs_only_plan_runs_cli_without_verification_dependencies) ... ok
test_explicit_empty_selection_never_runs_all (test_verification_metrics.MetricsTests.test_explicit_empty_selection_never_runs_all) ... ok
test_failed_and_missing_logs_never_become_success (test_verification_metrics.MetricsTests.test_failed_and_missing_logs_never_become_success) ... ::group::verify/test.cpp measurement 1/3
::endgroup::
::group::verify/test.cpp measurement 1/3
::endgroup::
ok
test_failed_report_is_written (test_verification_metrics.MetricsTests.test_failed_report_is_written) ... ok
test_legacy_complete_reports_remain_valid (test_verification_metrics.MetricsTests.test_legacy_complete_reports_remain_valid) ... ok
test_median_is_total_of_cases_not_median_case (test_verification_metrics.MetricsTests.test_median_is_total_of_cases_not_median_case) ... ok
test_missing_duplicate_and_invalid_times (test_verification_metrics.MetricsTests.test_missing_duplicate_and_invalid_times) ... ok
test_missing_failed_and_unmeasured_selected_rows_block_publication (test_verification_metrics.MetricsTests.test_missing_failed_and_unmeasured_selected_rows_block_publication) ... ok
test_partial_and_documentation_only_reports_publish_honestly (test_verification_metrics.MetricsTests.test_partial_and_documentation_only_reports_publish_honestly) ... ok
test_runner_repeats_serial_and_preserves_checker (test_verification_metrics.MetricsTests.test_runner_repeats_serial_and_preserves_checker) ... # Verification timings

Commit: test / UTC: now
Baseline: なし（初回）

単位は秒。直列実行・各ケースの solution elapsed 合計の中央値。コンパイル・DL・checkerは合計から除外。
プロセス起動とI/Oは含みます。Yosupo提出画面の時間ではありません。共有runnerの小さな差は誤差として扱ってください。

| Verify / 環境番号 | 状態 | コンパイル | 実行合計（中央値） | 最大ケース（中央値） | 基準との差 |
| --- | --- | ---: | ---: | ---: | --- |
| verify/test.cpp / 0 | failed | — | — | — | 未完了 / 失敗 |

## Environment

~~~json
{
  "cpu": "test"
}
~~~

::group::verify/test.cpp measurement 1/3
::endgroup::
::group::verify/test.cpp measurement 2/3
::endgroup::
::group::verify/test.cpp measurement 3/3
::endgroup::
ok
test_selection_inventory_and_revision_are_checked (test_verification_metrics.MetricsTests.test_selection_inventory_and_revision_are_checked) ... ok
test_stale_unselected_measurements_and_unexplained_skips_are_rejected (test_verification_metrics.MetricsTests.test_stale_unselected_measurements_and_unexplained_skips_are_rejected) ... ok
test_structured_log (test_verification_metrics.MetricsTests.test_structured_log) ... ok

----------------------------------------------------------------------
Ran 99 tests in 37.590s

OK
python3 scripts/library_checker_coverage.py --check
Checked 253 published problems: {'missing': 130, 'verify': 116, 'acl': 7}
CXX="g++" CXX_STANDARD="gnu++20" CPPFLAGS="-I.deps/ac-library" python3 scripts/check_docs.py
PASS docs/algebra/monoids.md
PASS docs/utility/fast-io.md
PASS docs/data-structure/dynamic-sqrt-tree.md
PASS docs/data-structure/sqrt-tree.md
PASS docs/data-structure/persistent-binary-trie.md
PASS docs/data-structure/weighted-wavelet-matrix.md
PASS docs/data-structure/persistent-queue.md
PASS docs/data-structure/static-range-distinct.md
PASS docs/data-structure/rectangle-union.md
PASS docs/geometry/convex-hull.md
PASS docs/geometry/furthest-pair.md
PASS docs/graph/assignment.md
PASS docs/graph/complement-components.md
PASS docs/graph/count-spanning-trees.md
PASS docs/graph/minimum-spanning-forest.md
PASS docs/math/taylor-shift.md
PASS docs/math/polynomial-product.md
PASS docs/math/stirling-second.md
PASS docs/math/montmort.md
PASS docs/string/count-subsequences.md
PASS docs/data-structure/disjoint-sparse-table.md
PASS docs/graph/cartesian-tree.md
PASS docs/graph/cycle-detection.md
PASS docs/graph/topological-sort.md
PASS docs/graph/tree-diameter.md
PASS docs/graph/triangle-enumeration.md
PASS docs/math/divisor-convolution.md
PASS docs/math/enumerate-quotients.md
PASS docs/math/kth-root-integer.md
PASS docs/math/discrete-log.md
PASS docs/math/longest-increasing-subsequence.md
PASS docs/string/prefix-function.md
PASS docs/math/bitwise-convolution.md
PASS docs/math/subset-convolution.md
PASS docs/math/matrix.md
PASS docs/data-structure/segment-tree-beats.md
PASS docs/data-structure/binary-trie.md
PASS docs/data-structure/aggregate-queue.md
PASS docs/data-structure/aggregate-deque.md
PASS docs/data-structure/li-chao-tree.md
PASS docs/data-structure/wavelet-matrix.md
PASS docs/string/manacher.md
PASS docs/data-structure/rollback-union-find.md
PASS docs/data-structure/sparse-table.md
PASS docs/data-structure/disjoint-set-union.md
PASS docs/data-structure/fenwick-tree.md
PASS docs/data-structure/segment-tree.md
PASS docs/graph/dijkstra.md
PASS docs/graph/lowest-common-ancestor.md
PASS docs/graph/heavy-light-decomposition.md
PASS docs/math/formal-power-series.md
PASS docs/math/prime-sieve.md
PASS docs/string/z-algorithm.md
PASS docs/data-structure/offline-fenwick-tree-2d.md
PASS docs/graph/low-link.md
PASS docs/graph/rerooting.md
PASS docs/data-structure/potential-union-find.md
PASS docs/data-structure/ordered-set.md
PASS docs/data-structure/persistent-segment-tree.md
PASS docs/graph/hopcroft-karp.md
PASS docs/graph/biconnected-components.md
PASS docs/graph/eulerian-trail.md
PASS docs/math/factorize.md
PASS docs/math/mod-sqrt.md
PASS docs/math/linear-recurrence.md
PASS docs/data-structure/dynamic-li-chao-tree.md
PASS docs/data-structure/dynamic-fenwick-tree.md
PASS docs/data-structure/dynamic-fenwick-tree-2d.md
PASS docs/data-structure/implicit-treap.md
PASS docs/data-structure/ordered-multiset.md
PASS docs/math/fraction.md
PASS docs/string/aho-corasick.md
PASS docs/string/eertree.md
PASS docs/string/lyndon-factorization.md
PASS docs/math/multipoint-evaluation.md
PASS docs/math/polynomial-interpolation.md
PASS docs/math/sample-point-shift.md
PASS docs/graph/rooted-tree-isomorphism.md
PASS docs/graph/clique-enumeration.md
PASS docs/graph/maximum-independent-set.md
PASS docs/data-structure/static-range-inversions.md
PASS docs/data-structure/static-range-mode.md
PASS docs/string/longest-common-substring.md
PASS docs/data-structure/fast-set.md
PASS docs/data-structure/dual-segment-tree.md
PASS docs/data-structure/double-ended-priority-queue.md
PASS docs/data-structure/skew-heap.md
PASS docs/data-structure/slope-trick.md
PASS docs/data-structure/splay-slope-trick.md
PASS docs/data-structure/persistent-array.md
PASS docs/data-structure/persistent-union-find.md
PASS docs/data-structure/range-parallel-union-find.md
PASS docs/string/suffix-automaton.md
PASS docs/data-structure/linear-rmq.md
PASS docs/graph/linear-lca.md
PASS docs/graph/centroid-decomposition.md
PASS docs/graph/contour-query.md
PASS docs/data-structure/kd-tree.md
PASS docs/data-structure/static-range-lis.md
PASS docs/data-structure/range-sort-range-product.md
PASS docs/data-structure/partially-retroactive-priority-queue.md
PASS docs/graph/link-cut-tree.md
PASS docs/graph/euler-tour-tree.md
PASS docs/graph/static-top-tree.md
PASS docs/graph/static-top-tree.md example 2
PASS docs/graph/dynamic-top-tree.md
PASS docs/graph/dominator-tree.md
PASS docs/graph/general-matching.md
PASS .verify-helper/docs/static/guide.md example 1
PASS .verify-helper/docs/static/migration.md example 1
PASS .verify-helper/docs/static/migration.md example 2
PASS .verify-helper/docs/static/migration.md example 3
Checked 107 library docs and 112 executable examples.
CPPFLAGS="-I.deps/ac-library" python3 scripts/check_cpp.py compile --compiler "g++" --standard "gnu++20" --jobs "2"
Compiler: g++ (Debian 14.2.0-19) 14.2.0
Standard: gnu++20
PASS blueberry/algebra/monoids.hpp (0.34s)
PASS blueberry/all.hpp (3.83s)
PASS blueberry/data-structure/aggregate-deque.hpp (0.37s)
PASS blueberry/data-structure/aggregate-queue.hpp (0.22s)
PASS blueberry/data-structure/binary-trie.hpp (0.38s)
PASS blueberry/data-structure/disjoint-set-union.hpp (0.27s)
PASS blueberry/data-structure/disjoint-sparse-table.hpp (0.46s)
PASS blueberry/data-structure/double-ended-priority-queue.hpp (0.43s)
PASS blueberry/data-structure/dual-segment-tree.hpp (0.33s)
PASS blueberry/data-structure/dynamic-fenwick-tree-2d.hpp (0.31s)
PASS blueberry/data-structure/dynamic-fenwick-tree.hpp (0.33s)
PASS blueberry/data-structure/dynamic-li-chao-tree.hpp (0.30s)
PASS blueberry/data-structure/dynamic-sqrt-tree.hpp (0.24s)
PASS blueberry/data-structure/fast-set.hpp (0.66s)
PASS blueberry/data-structure/fenwick-tree.hpp (0.20s)
PASS blueberry/data-structure/implicit-treap.hpp (0.32s)
PASS blueberry/data-structure/kd-tree.hpp (0.28s)
PASS blueberry/data-structure/li-chao-tree.hpp (0.49s)
PASS blueberry/data-structure/linear-rmq.hpp (0.44s)
PASS blueberry/data-structure/offline-fenwick-tree-2d.hpp (0.34s)
PASS blueberry/data-structure/ordered-multiset.hpp (0.27s)
PASS blueberry/data-structure/ordered-set.hpp (0.38s)
PASS blueberry/data-structure/partially-retroactive-priority-queue.hpp (0.47s)
PASS blueberry/data-structure/persistent-array.hpp (0.36s)
PASS blueberry/data-structure/persistent-binary-trie.hpp (0.21s)
PASS blueberry/data-structure/persistent-queue.hpp (0.24s)
PASS blueberry/data-structure/persistent-segment-tree.hpp (0.34s)
PASS blueberry/data-structure/persistent-union-find.hpp (0.24s)
PASS blueberry/data-structure/potential-union-find.hpp (0.49s)
PASS blueberry/data-structure/range-parallel-union-find.hpp (0.48s)
PASS blueberry/data-structure/range-sort-range-product.hpp (0.49s)
PASS blueberry/data-structure/rectangle-union.hpp (0.31s)
PASS blueberry/data-structure/rollback-union-find.hpp (0.41s)
PASS blueberry/data-structure/segment-tree-beats.hpp (0.47s)
PASS blueberry/data-structure/segment-tree.hpp (0.20s)
PASS blueberry/data-structure/skew-heap.hpp (0.25s)
PASS blueberry/data-structure/slope-trick.hpp (0.43s)
PASS blueberry/data-structure/sparse-table.hpp (0.43s)
PASS blueberry/data-structure/splay-slope-trick.hpp (0.38s)
PASS blueberry/data-structure/sqrt-tree.hpp (0.34s)
PASS blueberry/data-structure/static-range-distinct.hpp (0.42s)
PASS blueberry/data-structure/static-range-inversions.hpp (0.34s)
PASS blueberry/data-structure/static-range-lis.hpp (0.41s)
PASS blueberry/data-structure/static-range-mode.hpp (0.47s)
PASS blueberry/data-structure/wavelet-matrix.hpp (0.50s)
PASS blueberry/data-structure/weighted-wavelet-matrix.hpp (0.25s)
PASS blueberry/geometry/convex-hull.hpp (0.67s)
PASS blueberry/geometry/furthest-pair.hpp (0.28s)
PASS blueberry/graph/assignment.hpp (0.29s)
PASS blueberry/graph/biconnected-components.hpp (0.56s)
PASS blueberry/graph/cartesian-tree.hpp (0.50s)
PASS blueberry/graph/centroid-decomposition.hpp (0.59s)
PASS blueberry/graph/clique-enumeration.hpp (0.46s)
PASS blueberry/graph/complement-components.hpp (0.41s)
PASS blueberry/graph/contour-query.hpp (0.49s)
PASS blueberry/graph/count-spanning-trees.hpp (0.30s)
PASS blueberry/graph/cycle-detection.hpp (0.49s)
PASS blueberry/graph/dijkstra.hpp (0.35s)
PASS blueberry/graph/dominator-tree.hpp (0.47s)
PASS blueberry/graph/dynamic-top-tree.hpp (0.46s)
PASS blueberry/graph/euler-tour-tree.hpp (0.49s)
PASS blueberry/graph/eulerian-trail.hpp (0.46s)
PASS blueberry/graph/general-matching.hpp (0.28s)
PASS blueberry/graph/heavy-light-decomposition.hpp (0.40s)
PASS blueberry/graph/hopcroft-karp.hpp (0.29s)
PASS blueberry/graph/linear-lca.hpp (0.50s)
PASS blueberry/graph/link-cut-tree.hpp (0.26s)
PASS blueberry/graph/low-link.hpp (0.36s)
PASS blueberry/graph/lowest-common-ancestor.hpp (0.36s)
PASS blueberry/graph/maximum-independent-set.hpp (0.27s)
PASS blueberry/graph/minimum-spanning-forest.hpp (0.36s)
PASS blueberry/graph/rerooting.hpp (0.24s)
PASS blueberry/graph/rooted-tree-isomorphism.hpp (0.37s)
PASS blueberry/graph/static-top-tree.hpp (0.29s)
PASS blueberry/graph/topological-sort.hpp (0.39s)
PASS blueberry/graph/tree-diameter.hpp (0.43s)
PASS blueberry/graph/triangle-enumeration.hpp (0.25s)
PASS blueberry/math/bitwise-convolution.hpp (0.21s)
PASS blueberry/math/discrete-log.hpp (0.56s)
PASS blueberry/math/divisor-convolution.hpp (0.23s)
PASS blueberry/math/enumerate-quotients.hpp (0.21s)
PASS blueberry/math/factorize.hpp (0.40s)
PASS blueberry/math/formal-power-series.hpp (1.69s)
PASS blueberry/math/fraction.hpp (0.33s)
PASS blueberry/math/kth-root-integer.hpp (0.07s)
PASS blueberry/math/linear-recurrence.hpp (1.12s)
PASS blueberry/math/longest-increasing-subsequence.hpp (0.30s)
PASS blueberry/math/matrix.hpp (0.21s)
PASS blueberry/math/mod-sqrt.hpp (0.24s)
PASS blueberry/math/montmort.hpp (0.21s)
PASS blueberry/math/multipoint-evaluation.hpp (1.32s)
PASS blueberry/math/polynomial-interpolation.hpp (1.62s)
PASS blueberry/math/polynomial-product.hpp (1.24s)
PASS blueberry/math/prime-sieve.hpp (0.22s)
PASS blueberry/math/sample-point-shift.hpp (1.98s)
PASS blueberry/math/stirling-second.hpp (1.13s)
PASS blueberry/math/subset-convolution.hpp (0.26s)
PASS blueberry/math/taylor-shift.hpp (1.96s)
PASS blueberry/string/aho-corasick.hpp (0.28s)
PASS blueberry/string/count-subsequences.hpp (0.28s)
PASS blueberry/string/eertree.hpp (0.25s)
PASS blueberry/string/longest-common-substring.hpp (0.98s)
PASS blueberry/string/lyndon-factorization.hpp (0.30s)
PASS blueberry/string/manacher.hpp (0.40s)
PASS blueberry/string/prefix-function.hpp (0.23s)
PASS blueberry/string/suffix-automaton.hpp (0.58s)
PASS blueberry/string/z-algorithm.hpp (0.29s)
PASS blueberry/utility/fast-io.hpp (0.60s)
PASS verify/algebra/monoid-affine-composition.test.cpp (0.74s)
PASS verify/algebra/monoid-affine-sum.test.cpp (0.77s)
PASS verify/data-structure/aggregate-deque.test.cpp (0.73s)
PASS verify/data-structure/aggregate-queue.test.cpp (0.51s)
PASS verify/data-structure/binary-trie.test.cpp (0.71s)
PASS verify/data-structure/disjoint-sparse-table-rmq.test.cpp (0.82s)
PASS verify/data-structure/disjoint-sparse-table.test.cpp (1.04s)
PASS verify/data-structure/double-ended-priority-queue.test.cpp (1.00s)
PASS verify/data-structure/dual-segment-tree.test.cpp (0.87s)
PASS verify/data-structure/dynamic-line-add-get-min.test.cpp (0.70s)
PASS verify/data-structure/dynamic-point-add-range-sum.test.cpp (0.61s)
PASS verify/data-structure/dynamic-point-add-rectangle-sum.test.cpp (0.79s)
PASS verify/data-structure/dynamic-rectangle-sum.test.cpp (0.84s)
PASS verify/data-structure/dynamic-segment-add-get-min.test.cpp (0.72s)
PASS verify/data-structure/dynamic-sqrt-tree-sum.test.cpp (1.12s)
PASS verify/data-structure/dynamic-sqrt-tree.test.cpp (1.36s)
PASS verify/data-structure/fast-set.test.cpp (1.16s)
PASS verify/data-structure/implicit-treap-affine.test.cpp (1.65s)
PASS verify/data-structure/implicit-treap-reverse-sum.test.cpp (1.28s)
PASS verify/data-structure/kd-tree.test.cpp (0.93s)
PASS verify/data-structure/line-add-get-min.test.cpp (1.12s)
PASS verify/data-structure/linear-rmq.test.cpp (1.06s)
PASS verify/data-structure/online-persistent-unionfind.test.cpp (1.04s)
PASS verify/data-structure/ordered-multiset-composite.test.cpp (0.80s)
PASS verify/data-structure/ordered-multiset-large-composite.test.cpp (1.12s)
PASS verify/data-structure/ordered-multiset-priority-queue.test.cpp (1.01s)
PASS verify/data-structure/ordered-set.test.cpp (0.74s)
PASS verify/data-structure/persistent-array.test.cpp (0.55s)
PASS verify/data-structure/persistent-binary-trie.test.cpp (0.61s)
PASS verify/data-structure/persistent-point-set-range-composite.test.cpp (1.26s)
PASS verify/data-structure/persistent-queue.test.cpp (0.59s)
PASS verify/data-structure/persistent-rectangle-sum.test.cpp (1.07s)
PASS verify/data-structure/persistent-unionfind.test.cpp (1.26s)
PASS verify/data-structure/point-add-range-sum.test.cpp (0.61s)
PASS verify/data-structure/point-add-rectangle-sum.test.cpp (1.19s)
PASS verify/data-structure/point-set-range-composite.test.cpp (0.86s)
PASS verify/data-structure/predecessor.test.cpp (0.71s)
PASS verify/data-structure/range-kth-smallest.test.cpp (1.51s)
PASS verify/data-structure/range-parallel-unionfind.test.cpp (0.73s)
PASS verify/data-structure/range-sort-range-product.test.cpp (1.21s)
PASS verify/data-structure/rectangle-union.test.cpp (1.60s)
PASS verify/data-structure/segment-add-get-min.test.cpp (1.26s)
PASS verify/data-structure/segment-tree-beats.test.cpp (1.44s)
PASS verify/data-structure/skew-heap.test.cpp (0.73s)
PASS verify/data-structure/splay-slope-trick.test.cpp (1.27s)
PASS verify/data-structure/sqrt-tree-rmq.test.cpp (0.72s)
PASS verify/data-structure/sqrt-tree.test.cpp (0.72s)
PASS verify/data-structure/static-range-distinct.test.cpp (1.62s)
PASS verify/data-structure/static-range-frequency.test.cpp (1.47s)
PASS verify/data-structure/static-range-inversions.test.cpp (1.71s)
PASS verify/data-structure/static-range-lis.test.cpp (1.33s)
PASS verify/data-structure/static-range-mode.test.cpp (0.92s)
PASS verify/data-structure/static-rmq.test.cpp (0.63s)
PASS verify/data-structure/unionfind-with-potential-non-commutative-group.test.cpp (0.87s)
PASS verify/data-structure/unionfind-with-potential.test.cpp (1.15s)
PASS verify/data-structure/unionfind.test.cpp (0.56s)
PASS verify/data-structure/weighted-wavelet-matrix.test.cpp (1.44s)
PASS verify/geometry/furthest-pair.test.cpp (1.48s)
PASS verify/geometry/static-convex-hull.test.cpp (0.84s)
PASS verify/graph/assignment.test.cpp (0.75s)
PASS verify/graph/biconnected-components.test.cpp (0.78s)
PASS verify/graph/bipartite-matching.test.cpp (1.16s)
PASS verify/graph/cartesian-tree.test.cpp (0.84s)
PASS verify/graph/centroid-decomposition-thirds.test.cpp (2.16s)
PASS verify/graph/clique-enumeration.test.cpp (1.19s)
PASS verify/graph/complement-components.test.cpp (1.28s)
PASS verify/graph/contour-add.test.cpp (1.24s)
PASS verify/graph/contour-query.test.cpp (1.18s)
PASS verify/graph/count-directed-spanning-trees.test.cpp (1.00s)
PASS verify/graph/count-spanning-trees.test.cpp (1.05s)
PASS verify/graph/cycle-detection-directed.test.cpp (0.79s)
PASS verify/graph/cycle-detection-undirected.test.cpp (2.07s)
PASS verify/graph/dominator-tree.test.cpp (2.37s)
PASS verify/graph/dynamic-top-tree-subtree.test.cpp (0.87s)
PASS verify/graph/dynamic-top-tree.test.cpp (1.60s)
PASS verify/graph/euler-tour-tree-vertex-add.test.cpp (1.55s)
PASS verify/graph/euler-tour-tree.test.cpp (1.07s)
PASS verify/graph/eulerian-trail-directed.test.cpp (1.09s)
PASS verify/graph/eulerian-trail-undirected.test.cpp (1.57s)
PASS verify/graph/general-matching.test.cpp (1.99s)
PASS verify/graph/heavy-light-decomposition-noncommutative.test.cpp (1.00s)
PASS verify/graph/heavy-light-decomposition-path.test.cpp (1.47s)
PASS verify/graph/heavy-light-decomposition-subtree.test.cpp (1.50s)
PASS verify/graph/jump-on-tree.test.cpp (0.75s)
PASS verify/graph/linear-lca.test.cpp (1.24s)
PASS verify/graph/link-cut-tree-composite.test.cpp (0.89s)
PASS verify/graph/link-cut-tree.test.cpp (0.97s)
PASS verify/graph/lowest-common-ancestor-rmq.test.cpp (0.89s)
PASS verify/graph/lowest-common-ancestor.test.cpp (0.88s)
PASS verify/graph/maximum-independent-set.test.cpp (0.61s)
PASS verify/graph/minimum-spanning-forest.test.cpp (0.92s)
PASS verify/graph/rooted-tree-isomorphism.test.cpp (0.88s)
PASS verify/graph/shortest-path.test.cpp (1.08s)
PASS verify/graph/static-top-tree.test.cpp (1.25s)
PASS verify/graph/tree-diameter.test.cpp (0.98s)
PASS verify/graph/tree-path-composite-sum.test.cpp (1.07s)
PASS verify/graph/triangle-enumeration.test.cpp (0.70s)
PASS verify/graph/two-edge-connected-components.test.cpp (0.81s)
PASS verify/math/bitwise-and-convolution.test.cpp (0.55s)
PASS verify/math/bitwise-or-via-and.test.cpp (0.55s)
PASS verify/math/bitwise-xor-convolution.test.cpp (0.61s)
PASS verify/math/discrete-log.test.cpp (0.89s)
PASS verify/math/division-of-polynomials.test.cpp (2.50s)
PASS verify/math/enumerate-primes.test.cpp (0.57s)
PASS verify/math/enumerate-quotients.test.cpp (0.51s)
PASS verify/math/exp-formal-power-series.test.cpp (2.64s)
PASS verify/math/factorize.test.cpp (0.70s)
PASS verify/math/find-linear-recurrence.test.cpp (1.51s)
PASS verify/math/fraction-sort-points-by-argument.test.cpp (0.77s)
PASS verify/math/gcd-convolution.test.cpp (0.61s)
PASS verify/math/inv-formal-power-series.test.cpp (1.74s)
PASS verify/math/inverse-matrix.test.cpp (0.71s)
PASS verify/math/kth-root-integer.test.cpp (0.43s)
PASS verify/math/kth-term-of-linearly-recurrent-sequence.test.cpp (2.44s)
PASS verify/math/lcm-convolution.test.cpp (1.00s)
PASS verify/math/log-formal-power-series.test.cpp (2.08s)
PASS verify/math/longest-increasing-subsequence.test.cpp (0.70s)
PASS verify/math/matrix-det.test.cpp (0.73s)
PASS verify/math/matrix-rank.test.cpp (0.64s)
PASS verify/math/mod-sqrt.test.cpp (0.63s)
PASS verify/math/montmort.test.cpp (0.52s)
PASS verify/math/multipoint-evaluation.test.cpp (2.55s)
PASS verify/math/polynomial-interpolation.test.cpp (2.78s)
PASS verify/math/polynomial-product.test.cpp (1.76s)
PASS verify/math/pow-formal-power-series.test.cpp (3.04s)
PASS verify/math/primality-test.test.cpp (0.55s)
PASS verify/math/sample-point-shift.test.cpp (1.86s)
PASS verify/math/sqrt-formal-power-series.test.cpp (2.34s)
PASS verify/math/stirling-second.test.cpp (1.61s)
PASS verify/math/subset-convolution.test.cpp (0.87s)
PASS verify/math/system-of-linear-equations.test.cpp (1.15s)
PASS verify/math/taylor-shift.test.cpp (2.03s)
PASS verify/string/aho-corasick.test.cpp (0.63s)
PASS verify/string/count-subsequences.test.cpp (0.65s)
PASS verify/string/eertree.test.cpp (0.69s)
PASS verify/string/enumerate-palindromes.test.cpp (0.58s)
PASS verify/string/kmp-search.test.cpp (0.55s)
PASS verify/string/longest-common-substring.test.cpp (1.30s)
PASS verify/string/lyndon-factorization.test.cpp (0.53s)
PASS verify/string/suffix-automaton-lcs.test.cpp (0.93s)
PASS verify/string/suffix-automaton-substrings.test.cpp (0.91s)
PASS verify/string/z-algorithm.test.cpp (0.55s)
PASS verify/utility/all-headers.test.cpp (2.78s)
PASS verify/utility/fast-io-128bit.test.cpp (0.62s)
PASS verify/utility/fast-io.test.cpp (0.55s)
Summary: 0 failure(s)
CPPFLAGS="-I.deps/ac-library" python3 scripts/check_cpp.py random --compiler "g++" --standard "gnu++20" --jobs "2" --random-runs "20" --random-seed "1" --random-timeout "5"
Compiler: g++ (Debian 14.2.0-19) 14.2.0
Standard: gnu++20
PASS tests/random/algebra-expansion.cpp (2.82s)
PASS tests/random/convex-hull.cpp (5.10s)
PASS tests/random/count_subsequences.cpp (1.56s)
PASS tests/random/data-structure-expansion.cpp (3.94s)
PASS tests/random/dijkstra.cpp (1.94s)
PASS tests/random/dominator-tree.cpp (1.57s)
PASS tests/random/ds_batch_three.cpp (3.04s)
PASS tests/random/dynamic-fenwick-get.cpp (3.99s)
PASS tests/random/dynamic-fenwick-tree.cpp (2.32s)
PASS tests/random/dynamic-li-chao-tree.cpp (1.50s)
PASS tests/random/dynamic-sqrt-tree.cpp (1.36s)
PASS tests/random/dynamic-top-tree.cpp (1.83s)
PASS tests/random/euler-tour-tree.cpp (1.76s)
PASS tests/random/fast-io.cpp (3.88s)
PASS tests/random/formal-power-series.cpp (4.51s)
PASS tests/random/fraction.cpp (4.79s)
PASS tests/random/furthest-pair.cpp (8.79s)
PASS tests/random/general-matching.cpp (2.82s)
PASS tests/random/graph-batch-four.cpp (1.90s)
PASS tests/random/graph-batch-two.cpp (2.36s)
PASS tests/random/graph-expansion.cpp (2.99s)
PASS tests/random/graph_batch_three.cpp (2.39s)
PASS tests/random/legacy-treap.cpp (4.15s)
PASS tests/random/li-chao-tree.cpp (1.75s)
PASS tests/random/link-cut-tree.cpp (2.37s)
PASS tests/random/low-link.cpp (1.45s)
PASS tests/random/manacher.cpp (0.96s)
PASS tests/random/math-batch-four.cpp (4.76s)
PASS tests/random/math-batch-two.cpp (3.44s)
PASS tests/random/math-expansion.cpp (3.41s)
PASS tests/random/math_batch_three.cpp (3.03s)
PASS tests/random/monoids.cpp (4.31s)
PASS tests/random/offline-fenwick-tree-2d.cpp (1.97s)
PASS tests/random/operation-structures.cpp (3.88s)
PASS tests/random/partially-retroactive-priority-queue.cpp (1.35s)
PASS tests/random/persistence-and-range-union.cpp (1.71s)
PASS tests/random/persistent-binary-trie.cpp (2.46s)
PASS tests/random/persistent-segment-get.cpp (2.39s)
PASS tests/random/range-sort-range-product.cpp (4.46s)
PASS tests/random/rerooting.cpp (2.20s)
PASS tests/random/runner-smoke.cpp (0.49s)
PASS tests/random/sequence-batch-four.cpp (2.49s)
PASS tests/random/sequence-batch-two.cpp (1.80s)
PASS tests/random/slope-tricks.cpp (3.28s)
PASS tests/random/specialized-structures.cpp (2.10s)
PASS tests/random/sqrt-tree.cpp (1.02s)
PASS tests/random/static-range-lis.cpp (1.77s)
PASS tests/random/static-rmq-contracts.cpp (1.73s)
PASS tests/random/static-top-tree.cpp (1.71s)
PASS tests/random/static-tree-expansion.cpp (3.54s)
PASS tests/random/string-expansion.cpp (3.12s)
PASS tests/random/suffix-automaton.cpp (2.05s)
PASS tests/random/wavelet-matrix.cpp (12.52s)
PASS tests/random/weighted-wavelet-matrix.cpp (1.15s)
PASS tests/random/algebra-expansion.cpp (20 seeds: 1..20)
PASS tests/random/convex-hull.cpp (20 seeds: 1..20)
PASS tests/random/count_subsequences.cpp (20 seeds: 1..20)
PASS tests/random/data-structure-expansion.cpp (20 seeds: 1..20)
PASS tests/random/dijkstra.cpp (20 seeds: 1..20)
PASS tests/random/dominator-tree.cpp (20 seeds: 1..20)
PASS tests/random/ds_batch_three.cpp (20 seeds: 1..20)
PASS tests/random/dynamic-fenwick-get.cpp (20 seeds: 1..20)
PASS tests/random/dynamic-fenwick-tree.cpp (20 seeds: 1..20)
PASS tests/random/dynamic-li-chao-tree.cpp (20 seeds: 1..20)
PASS tests/random/dynamic-sqrt-tree.cpp (20 seeds: 1..20)
PASS tests/random/dynamic-top-tree.cpp (20 seeds: 1..20)
PASS tests/random/euler-tour-tree.cpp (20 seeds: 1..20)
PASS tests/random/fast-io.cpp (20 seeds: 1..20)
PASS tests/random/formal-power-series.cpp (20 seeds: 1..20)
PASS tests/random/fraction.cpp (20 seeds: 1..20)
PASS tests/random/furthest-pair.cpp (20 seeds: 1..20)
PASS tests/random/general-matching.cpp (20 seeds: 1..20)
PASS tests/random/graph-batch-four.cpp (20 seeds: 1..20)
PASS tests/random/graph-batch-two.cpp (20 seeds: 1..20)
PASS tests/random/graph-expansion.cpp (20 seeds: 1..20)
PASS tests/random/graph_batch_three.cpp (20 seeds: 1..20)
PASS tests/random/legacy-treap.cpp (20 seeds: 1..20)
PASS tests/random/li-chao-tree.cpp (20 seeds: 1..20)
PASS tests/random/link-cut-tree.cpp (20 seeds: 1..20)
PASS tests/random/low-link.cpp (20 seeds: 1..20)
PASS tests/random/manacher.cpp (20 seeds: 1..20)
PASS tests/random/math-batch-four.cpp (20 seeds: 1..20)
PASS tests/random/math-batch-two.cpp (20 seeds: 1..20)
PASS tests/random/math-expansion.cpp (20 seeds: 1..20)
PASS tests/random/math_batch_three.cpp (20 seeds: 1..20)
PASS tests/random/monoids.cpp (20 seeds: 1..20)
PASS tests/random/offline-fenwick-tree-2d.cpp (20 seeds: 1..20)
PASS tests/random/operation-structures.cpp (20 seeds: 1..20)
PASS tests/random/partially-retroactive-priority-queue.cpp (20 seeds: 1..20)
PASS tests/random/persistence-and-range-union.cpp (20 seeds: 1..20)
PASS tests/random/persistent-binary-trie.cpp (20 seeds: 1..20)
PASS tests/random/persistent-segment-get.cpp (20 seeds: 1..20)
PASS tests/random/range-sort-range-product.cpp (20 seeds: 1..20)
PASS tests/random/rerooting.cpp (20 seeds: 1..20)
PASS tests/random/runner-smoke.cpp (20 seeds: 1..20)
PASS tests/random/sequence-batch-four.cpp (20 seeds: 1..20)
PASS tests/random/sequence-batch-two.cpp (20 seeds: 1..20)
PASS tests/random/slope-tricks.cpp (20 seeds: 1..20)
PASS tests/random/specialized-structures.cpp (20 seeds: 1..20)
PASS tests/random/sqrt-tree.cpp (20 seeds: 1..20)
PASS tests/random/static-range-lis.cpp (20 seeds: 1..20)
PASS tests/random/static-rmq-contracts.cpp (20 seeds: 1..20)
PASS tests/random/static-top-tree.cpp (20 seeds: 1..20)
PASS tests/random/static-tree-expansion.cpp (20 seeds: 1..20)
PASS tests/random/string-expansion.cpp (20 seeds: 1..20)
PASS tests/random/suffix-automaton.cpp (20 seeds: 1..20)
PASS tests/random/wavelet-matrix.cpp (20 seeds: 1..20)
PASS tests/random/weighted-wavelet-matrix.cpp (20 seeds: 1..20)
Summary: 0 failure(s)
