["g++", "-std=gnu++20", "-O2", "-pipe", "-Wall", "-Wextra", "-Wshadow", "-D_GLIBCXX_ASSERTIONS", "-I", "/mnt/c/Users/kubar/Documents/GitHub/Blueberry-library", "/mnt/c/Users/kubar/Documents/GitHub/Blueberry-library/benchmarks/static-rmq-cost-breakdown.cpp", "-o", "/tmp/blueberry-rmq-study-0nb6b2eb/gcc-verify"]
["g++", "-std=gnu++20", "-O2", "-DNDEBUG", "-I", "/mnt/c/Users/kubar/Documents/GitHub/Blueberry-library", "/mnt/c/Users/kubar/Documents/GitHub/Blueberry-library/benchmarks/static-rmq-cost-breakdown.cpp", "-o", "/tmp/blueberry-rmq-study-0nb6b2eb/gcc-release"]
["clang++", "-std=gnu++20", "-O2", "-DNDEBUG", "-I", "/mnt/c/Users/kubar/Documents/GitHub/Blueberry-library", "/mnt/c/Users/kubar/Documents/GitHub/Blueberry-library/benchmarks/static-rmq-cost-breakdown.cpp", "-o", "/tmp/blueberry-rmq-study-0nb6b2eb/clang-release"]
["g++", "-std=gnu++23", "-O2", "/mnt/c/Users/kubar/Documents/GitHub/Blueberry-library/.build/fastest-study/rmq-reference/362362.cpp", "-o", "/tmp/blueberry-rmq-study-0nb6b2eb/reference-362362"]
["g++", "-std=gnu++23", "-O2", "/mnt/c/Users/kubar/Documents/GitHub/Blueberry-library/.build/fastest-study/rmq-reference/362370.cpp", "-o", "/tmp/blueberry-rmq-study-0nb6b2eb/reference-362370"]
["g++", "-std=gnu++23", "-O2", "/mnt/c/Users/kubar/Documents/GitHub/Blueberry-library/.build/fastest-study/rmq-reference/400989.cpp", "-o", "/tmp/blueberry-rmq-study-0nb6b2eb/reference-400989"]
["g++", "-std=gnu++23", "-O2", "/mnt/c/Users/kubar/Documents/GitHub/Blueberry-library/.build/fastest-study/rmq-reference/402567.cpp", "-o", "/tmp/blueberry-rmq-study-0nb6b2eb/reference-402567"]
/mnt/c/Users/kubar/Documents/GitHub/Blueberry-library/.build/fastest-study/rmq-reference/402567.cpp:684:2: error: #error "This backend requires AVX2 (e.g. -march=znver3 or -march=native)."
  684 | #error "This backend requires AVX2 (e.g. -march=znver3 or -march=native)."
      |  ^~~~~
/mnt/c/Users/kubar/Documents/GitHub/Blueberry-library/.build/fastest-study/rmq-reference/402567.cpp:1052:2: error: #error "The packed decimal backend requires AVX2."
 1052 | #error "The packed decimal backend requires AVX2."
      |  ^~~~~
/mnt/c/Users/kubar/Documents/GitHub/Blueberry-library/.build/fastest-study/rmq-reference/402567.cpp: In static member function ‘static __m256i canard::simd::detail::native_access::get(canard::simd::u32x8)’:
/mnt/c/Users/kubar/Documents/GitHub/Blueberry-library/.build/fastest-study/rmq-reference/402567.cpp:732:42: warning: AVX vector return without AVX enabled changes the ABI [-Wpsabi]
  732 |     static __m256i get(u32x8 v) noexcept {
      |                                          ^
/mnt/c/Users/kubar/Documents/GitHub/Blueberry-library/.build/fastest-study/rmq-reference/402567.cpp: At global scope:
/mnt/c/Users/kubar/Documents/GitHub/Blueberry-library/.build/fastest-study/rmq-reference/402567.cpp:746:53: error: static assertion failed
  746 | static_assert(sizeof(u32x8) == 32 && alignof(u32x8) == 32);
      |                                      ~~~~~~~~~~~~~~~^~~~~
/mnt/c/Users/kubar/Documents/GitHub/Blueberry-library/.build/fastest-study/rmq-reference/402567.cpp:746:53: note: the comparison reduces to ‘(16 == 32)’
/mnt/c/Users/kubar/Documents/GitHub/Blueberry-library/.build/fastest-study/rmq-reference/402567.cpp: In function ‘canard::simd::u32x8 canard::simd::prefix_minimum(u32x8)’:
/mnt/c/Users/kubar/Documents/GitHub/Blueberry-library/.build/fastest-study/rmq-reference/402567.cpp:817:28: note: the ABI for passing parameters with 32-byte alignment has changed in GCC 4.6
  817 | [[nodiscard]] inline u32x8 prefix_minimum(u32x8 values) noexcept {
      |                            ^~~~~~~~~~~~~~
/mnt/c/Users/kubar/Documents/GitHub/Blueberry-library/.build/fastest-study/rmq-reference/402567.cpp: In member function ‘void canard::io::buffered_writer<MaxValue>::flush() [with unsigned int MaxValue = 1000000000]’:
/mnt/c/Users/kubar/Documents/GitHub/Blueberry-library/.build/fastest-study/rmq-reference/402567.cpp:1538:16: warning: ignoring return value of ‘ssize_t write(int, const void*, size_t)’ declared with attribute ‘warn_unused_result’ [-Wunused-result]
 1538 |         ::write(descriptor_, storage_.get(), static_cast<std::size_t>(cursor_ - storage_.get()));
      |         ~~~~~~~^~~~~~~~~~~~~~~~~~~~~~~~~~~~~~~~~~~~~~~~~~~~~~~~~~~~~~~~~~~~~~~~~~~~~~~~~~~~~~~~~
