gcc-release linear min 500000 500000 random PASS
gcc-release linear min 500000 500000 short PASS
gcc-release linear min 500000 500000 equal PASS
gcc-release linear min 500000 500000 ascending PASS
gcc-release linear min 500000 500000 descending PASS
gcc-release linear min 524289 500000 random PASS
gcc-release linear min 524289 500000 short PASS
gcc-release linear min 524289 500000 equal PASS
gcc-release linear min 524289 500000 ascending PASS
gcc-release linear min 524289 500000 descending PASS
clang-release linear min 500000 500000 random PASS
clang-release linear min 500000 500000 short PASS
clang-release linear min 500000 500000 equal PASS
clang-release linear min 500000 500000 ascending PASS
clang-release linear min 500000 500000 descending PASS
clang-release linear min 524289 500000 random PASS
clang-release linear min 524289 500000 short PASS
clang-release linear min 524289 500000 equal PASS
clang-release linear min 524289 500000 ascending PASS
clang-release linear min 524289 500000 descending PASS
gcc-assert linear min 500000 500000 random PASS
gcc-assert linear min 524289 500000 random PASS
PASS 264 samples including warmups
