Ubuntu clang version 18.1.3 (1ubuntu1)
variant,n,q,build_ms,operations_ms,tree_payload_bytes,checksum
recipe,1024,1024,0.015394,0.227355,40960,540383127
direct,1024,1024,0.002923,0.219537,40960,540383127
direct,1024,1024,0.002936,0.204875,40960,540383127
recipe,1024,1024,0.002885,0.207397,40960,540383127
recipe,1024,1024,0.002805,0.201708,40960,540383127
direct,1024,1024,0.002919,0.271667,40960,540383127
direct,1024,1024,0.003117,0.203238,40960,540383127
recipe,1024,1024,0.002992,0.215081,40960,540383127
recipe,1024,1024,0.003206,0.204002,40960,540383127
direct,1024,1024,0.0031,0.197919,40960,540383127
recipe,1024,4096,0.013897,0.845864,40960,811485634
direct,1024,4096,0.002932,0.853901,40960,811485634
direct,1024,4096,0.002929,0.834095,40960,811485634
recipe,1024,4096,0.002927,0.836871,40960,811485634
recipe,1024,4096,0.002866,0.836096,40960,811485634
direct,1024,4096,0.002853,0.862803,40960,811485634
direct,1024,4096,0.003321,0.865795,40960,811485634
recipe,1024,4096,0.003198,0.832393,40960,811485634
recipe,1024,4096,0.0031,0.806395,40960,811485634
direct,1024,4096,0.002948,0.819257,40960,811485634
recipe,100000,100000,1.86201,39.4428,5242880,368012848
direct,100000,100000,1.51869,40.2317,5242880,368012848
direct,100000,100000,0.620366,38.5973,5242880,368012848
recipe,100000,100000,0.620186,39.801,5242880,368012848
recipe,100000,100000,0.556461,38.2296,5242880,368012848
direct,100000,100000,0.53721,38.6604,5242880,368012848
direct,100000,100000,0.722069,39.2261,5242880,368012848
recipe,100000,100000,0.652383,38.5366,5242880,368012848
recipe,100000,100000,0.562632,39.5952,5242880,368012848
direct,100000,100000,0.71341,39.0556,5242880,368012848
recipe,100000,400000,1.72109,161.453,5242880,212239561
direct,100000,400000,0.567505,157.314,5242880,212239561
direct,100000,400000,0.626424,155.472,5242880,212239561
recipe,100000,400000,0.646199,155.585,5242880,212239561
recipe,100000,400000,0.600741,161.09,5242880,212239561
direct,100000,400000,0.555585,153.506,5242880,212239561
direct,100000,400000,0.632822,154.373,5242880,212239561
recipe,100000,400000,0.643193,159.37,5242880,212239561
recipe,100000,400000,0.56723,161.779,5242880,212239561
direct,100000,400000,0.60191,156.767,5242880,212239561
io,parse_ms=2.27039,format_ms=2.2557,bytes=588890,checksum=4999950000
