Ubuntu clang version 18.1.3 (1ubuntu1)
variant,n,q,build_ms,operations_ms,tree_payload_bytes,checksum
recipe,1024,1024,0.016422,0.204592,40960,540383127
direct,1024,1024,0.002586,0.194752,40960,540383127
direct,1024,1024,0.002568,0.188498,40960,540383127
recipe,1024,1024,0.002541,0.191034,40960,540383127
recipe,1024,1024,0.002548,0.1808,40960,540383127
direct,1024,1024,0.002542,0.189598,40960,540383127
direct,1024,1024,0.002558,0.179741,40960,540383127
recipe,1024,1024,0.002611,0.175006,40960,540383127
recipe,1024,1024,0.002472,0.181362,40960,540383127
direct,1024,1024,0.002558,0.182306,40960,540383127
recipe,1024,4096,0.012942,0.805734,40960,811485634
direct,1024,4096,0.002791,0.816855,40960,811485634
direct,1024,4096,0.003297,0.842453,40960,811485634
recipe,1024,4096,0.003625,0.78112,40960,811485634
recipe,1024,4096,0.002679,0.811178,40960,811485634
direct,1024,4096,0.002701,0.81365,40960,811485634
direct,1024,4096,0.002489,0.741921,40960,811485634
recipe,1024,4096,0.002678,0.773233,40960,811485634
recipe,1024,4096,0.003191,0.798799,40960,811485634
direct,1024,4096,0.003251,0.794867,40960,811485634
recipe,100000,100000,1.64048,40.5508,5242880,368012848
direct,100000,100000,1.2342,40.3482,5242880,368012848
direct,100000,100000,0.571332,41.1944,5242880,368012848
recipe,100000,100000,0.534382,38.6375,5242880,368012848
recipe,100000,100000,0.574688,38.1379,5242880,368012848
direct,100000,100000,0.525016,37.8429,5242880,368012848
direct,100000,100000,0.533832,37.1596,5242880,368012848
recipe,100000,100000,0.517399,36.6194,5242880,368012848
recipe,100000,100000,0.59302,39.7077,5242880,368012848
direct,100000,100000,0.533566,36.5662,5242880,368012848
recipe,100000,400000,1.49599,148.945,5242880,212239561
direct,100000,400000,0.667193,163.755,5242880,212239561
direct,100000,400000,0.979903,181.081,5242880,212239561
recipe,100000,400000,0.546229,167.466,5242880,212239561
recipe,100000,400000,0.577772,160.945,5242880,212239561
direct,100000,400000,0.550384,158.953,5242880,212239561
direct,100000,400000,0.572239,155.66,5242880,212239561
recipe,100000,400000,0.581624,166.103,5242880,212239561
recipe,100000,400000,0.633497,156.617,5242880,212239561
direct,100000,400000,0.697821,180.572,5242880,212239561
io,parse_ms=2.43253,format_ms=2.5679,bytes=588890,checksum=4999950000
