g++ (Ubuntu 13.3.0-6ubuntu2~24.04.1) 13.3.0
variant,n,q,build_ms,operations_ms,tree_payload_bytes,checksum
recipe,1024,1024,0.020071,0.201845,40960,540383127
direct,1024,1024,0.002309,0.20563,40960,540383127
direct,1024,1024,0.002495,0.199421,40960,540383127
recipe,1024,1024,0.002226,0.196362,40960,540383127
recipe,1024,1024,0.002294,0.190495,40960,540383127
direct,1024,1024,0.002267,0.198964,40960,540383127
direct,1024,1024,0.002314,0.194826,40960,540383127
recipe,1024,1024,0.002359,0.209267,40960,540383127
recipe,1024,1024,0.002802,0.188707,40960,540383127
direct,1024,1024,0.002736,0.198358,40960,540383127
recipe,1024,4096,0.014904,0.780741,40960,811485634
direct,1024,4096,0.002543,0.82041,40960,811485634
direct,1024,4096,0.003168,0.756581,40960,811485634
recipe,1024,4096,0.002351,0.779975,40960,811485634
recipe,1024,4096,0.002304,0.78755,40960,811485634
direct,1024,4096,0.002875,0.789705,40960,811485634
direct,1024,4096,0.003017,0.798828,40960,811485634
recipe,1024,4096,0.00267,0.783331,40960,811485634
recipe,1024,4096,0.002775,0.773941,40960,811485634
direct,1024,4096,0.002991,0.757107,40960,811485634
recipe,100000,100000,2.07617,44.3253,5242880,368012848
direct,100000,100000,1.54945,41.5782,5242880,368012848
direct,100000,100000,0.575854,39.3514,5242880,368012848
recipe,100000,100000,0.554906,40.6725,5242880,368012848
recipe,100000,100000,0.535078,39.9611,5242880,368012848
direct,100000,100000,0.561457,41.3977,5242880,368012848
direct,100000,100000,0.542235,38.6341,5242880,368012848
recipe,100000,100000,0.537039,38.9488,5242880,368012848
recipe,100000,100000,0.58395,38.6365,5242880,368012848
direct,100000,100000,0.536125,37.9425,5242880,368012848
recipe,100000,400000,1.43636,146.243,5242880,212239561
direct,100000,400000,0.481292,159.087,5242880,212239561
direct,100000,400000,0.561227,160.528,5242880,212239561
recipe,100000,400000,0.596027,148.603,5242880,212239561
recipe,100000,400000,0.742174,160.069,5242880,212239561
direct,100000,400000,0.515407,159.245,5242880,212239561
direct,100000,400000,0.507675,157.134,5242880,212239561
recipe,100000,400000,0.47891,159.654,5242880,212239561
recipe,100000,400000,0.535204,170.241,5242880,212239561
direct,100000,400000,0.550865,172.213,5242880,212239561
io,parse_ms=2.19594,format_ms=2.19915,bytes=588890,checksum=4999950000
