g++ (Ubuntu 13.3.0-6ubuntu2~24.04.1) 13.3.0
variant,n,q,build_ms,operations_ms,tree_payload_bytes,checksum
recipe,1024,1024,0.019727,0.211575,40960,540383127
direct,1024,1024,0.003194,0.214528,40960,540383127
direct,1024,1024,0.003291,0.206671,40960,540383127
recipe,1024,1024,0.003287,0.219612,40960,540383127
recipe,1024,1024,0.003324,0.228529,40960,540383127
direct,1024,1024,0.003645,0.214608,40960,540383127
direct,1024,1024,0.003611,0.195478,40960,540383127
recipe,1024,1024,0.003343,0.202082,40960,540383127
recipe,1024,1024,0.003241,0.208964,40960,540383127
direct,1024,1024,0.003653,0.193992,40960,540383127
recipe,1024,4096,0.012133,0.772848,40960,811485634
direct,1024,4096,0.002791,0.789515,40960,811485634
direct,1024,4096,0.002606,0.775582,40960,811485634
recipe,1024,4096,0.002406,0.761373,40960,811485634
recipe,1024,4096,0.00216,0.894799,40960,811485634
direct,1024,4096,0.002829,0.815111,40960,811485634
direct,1024,4096,0.002901,0.768799,40960,811485634
recipe,1024,4096,0.002283,0.790225,40960,811485634
recipe,1024,4096,0.002295,0.766563,40960,811485634
direct,1024,4096,0.002657,0.761741,40960,811485634
recipe,100000,100000,1.5391,39.2923,5242880,368012848
direct,100000,100000,1.35929,40.6476,5242880,368012848
direct,100000,100000,0.515221,41.1185,5242880,368012848
recipe,100000,100000,0.614783,39.8424,5242880,368012848
recipe,100000,100000,0.494049,40.7811,5242880,368012848
direct,100000,100000,0.52246,39.4875,5242880,368012848
direct,100000,100000,0.529788,39.5759,5242880,368012848
recipe,100000,100000,0.534181,41.0773,5242880,368012848
recipe,100000,100000,0.562177,39.1061,5242880,368012848
direct,100000,100000,0.53648,44.0828,5242880,368012848
recipe,100000,400000,1.69696,165.98,5242880,212239561
direct,100000,400000,0.543424,159.371,5242880,212239561
direct,100000,400000,0.537578,160.276,5242880,212239561
recipe,100000,400000,0.6052,161.017,5242880,212239561
recipe,100000,400000,0.638512,162.278,5242880,212239561
direct,100000,400000,0.698307,158.596,5242880,212239561
direct,100000,400000,0.663963,157.022,5242880,212239561
recipe,100000,400000,0.554837,158.596,5242880,212239561
recipe,100000,400000,0.586682,158.403,5242880,212239561
direct,100000,400000,0.494317,146.287,5242880,212239561
io,parse_ms=2.49282,format_ms=3.25803,bytes=588890,checksum=4999950000
