gcc-release sqrt min 524289 500000 random PASS
gcc-release sqrt min 524289 5000000 random PASS
gcc-release sqrt sum 524289 500000 random PASS
gcc-release sqrt sum 524289 5000000 random PASS
gcc-release sqrt affine 524289 500000 random PASS
gcc-release sqrt affine 524289 5000000 random PASS
gcc-release sqrt matrix 524289 500000 random PASS
gcc-release sqrt matrix 524289 5000000 random PASS
gcc-release sqrt affine 524289 5000000 short PASS
gcc-release sqrt affine 500000 500000 random PASS
gcc-release sqrt affine 500000 5000000 random PASS
clang-release sqrt min 524289 500000 random PASS
clang-release sqrt min 524289 5000000 random PASS
clang-release sqrt sum 524289 500000 random PASS
clang-release sqrt sum 524289 5000000 random PASS
clang-release sqrt affine 524289 500000 random PASS
clang-release sqrt affine 524289 5000000 random PASS
clang-release sqrt matrix 524289 500000 random PASS
clang-release sqrt matrix 524289 5000000 random PASS
clang-release sqrt affine 524289 5000000 short PASS
clang-release sqrt affine 500000 500000 random PASS
clang-release sqrt affine 500000 5000000 random PASS
gcc-assert sqrt min 524289 500000 random PASS
gcc-assert sqrt min 524289 5000000 random PASS
gcc-assert sqrt sum 524289 500000 random PASS
gcc-assert sqrt sum 524289 5000000 random PASS
gcc-assert sqrt affine 524289 500000 random PASS
gcc-assert sqrt affine 524289 5000000 random PASS
gcc-assert sqrt matrix 524289 500000 random PASS
gcc-assert sqrt matrix 524289 5000000 random PASS
gcc-assert sqrt affine 524289 5000000 short PASS
gcc-assert sqrt affine 500000 500000 random PASS
gcc-assert sqrt affine 500000 5000000 random PASS
PASS 396 samples including warmups
