g++ (Ubuntu 13.3.0-6ubuntu2~24.04.1) 13.3.0
Copyright (C) 2023 Free Software Foundation, Inc.
This is free software; see the source for copying conditions.  There is NO
warranty; not even for MERCHANTABILITY or FITNESS FOR A PARTICULAR PURPOSE.

Linux BlueberryPC 5.15.167.4-microsoft-standard-WSL2 #1 SMP Tue Nov 5 00:21:55 UTC 2024 x86_64 x86_64 x86_64 GNU/Linux
59a1acf2ebf2b2df0396a36439112bb08bcf44ba8ec253e83dbd67ff5b6d3195  blueberry/data-structure/linear-rmq.hpp
153abb8cf05eb428fe6fbaa408c9a89c91e03835bdc6acaf777a419378c68264  blueberry/data-structure/kd-tree.hpp
378e0914a727f09325d9770ef3bce28f09b1f608634835bfeb67fd6249fdbb99  blueberry/graph/linear-lca.hpp
e0a67d919f198acd5112b266727f4f06948151b1971c220698bc45e7c7225449  .build/static-tree-bench.cpp
seed=20260919 rmq_N=100000_Q=200000 lca_N=50000_Q=100000 spatial_N=10000_Q=20000_times_add+query
name,run,total_build_and_query_ms,checksum
linear-rmq,0,5.57916,34582668
sparse-table,0,1.91318,34582668
linear-lca,0,5.56415,976558
sparse-lca,0,4.69927,976558
kd-tree,0,53.1267,21873714
offline-fenwick-2d,0,32.4815,21873714
linear-rmq,1,4.84228,34582668
sparse-table,1,2.06339,34582668
linear-lca,1,5.70949,976558
sparse-lca,1,4.81583,976558
kd-tree,1,52.557,21873714
offline-fenwick-2d,1,32.4975,21873714
linear-rmq,2,5.14809,34582668
sparse-table,2,1.47921,34582668
linear-lca,2,5.76979,976558
sparse-lca,2,4.47135,976558
kd-tree,2,53.4699,21873714
offline-fenwick-2d,2,32.402,21873714
linear-rmq,3,4.79564,34582668
sparse-table,3,1.40872,34582668
linear-lca,3,4.95254,976558
sparse-lca,3,4.06251,976558
kd-tree,3,54.3759,21873714
offline-fenwick-2d,3,33.9868,21873714
linear-rmq,4,5.39377,34582668
sparse-table,4,1.44134,34582668
linear-lca,4,5.34169,976558
sparse-lca,4,4.38971,976558
kd-tree,4,53.2149,21873714
offline-fenwick-2d,4,33.4115,21873714
Post-run provenance check: comparison headers unchanged from HEAD13d0bbb per git diff (2026-09-19). Hashes recorded after measurement, not retroactively attributed.
92dde23f0b59ed3577d147d6b052c5f303afff43f05553380c5e2ab3359de703  blueberry/data-structure/sparse-table.hpp
dcf4d0b1932d7b16f1eff8e5e87b9bc4d9bc1ec13436132671ab1acd5f2a0a01  blueberry/graph/lowest-common-ancestor.hpp
c7e020c1adbc3fbbd7b63236fe46b8b2ce3aedfc22e44d72edb18b3e692d6bdf  blueberry/data-structure/offline-fenwick-tree-2d.hpp
